// Jest Snapshot v1, https://goo.gl/fbAQLP

exports[`Basic tests from CounterApp Testin Basic CounterApp HTML Structure 1`] = `
<div>
  <h1>
    Counter App
  </h1>
  <h2>
     
    100
  </h2>
  <button
    onClick={[Function]}
  >
    +1
  </button>
  <button
    onClick={[Function]}
  >
    Reset
  </button>
  <button
    onClick={[Function]}
  >
    -1
  </button>
</div>
`;
