// Jest Snapshot v1, https://goo.gl/fbAQLP

exports[`Pruebas en PrimeraApp debe mostrar <PrimeraApp /> correctamente 1`] = `
<div>
  <h1>
     
    Hola caracola
     
  </h1>
  <p>
    Hola soy un subtitulo peque√±in.
  </p>
</div>
`;
